FAILED tests\test_enterprise_routes.py::EnterpriseRouteTests::test_deployment_guidance_route
FAILED tests\test_enterprise_routes.py::EnterpriseRouteTests::test_incident_routes
FAILED tests\test_enterprise_routes.py::EnterpriseRouteTests::test_operations_summary_route
FAILED tests\test_enterprise_routes.py::EnterpriseRouteTests::test_sso_settings_and_metadata_routes
FAILED tests\test_enterprise_routes.py::EnterpriseRouteTests::test_vector_backend_and_compliance_routes
FAILED tests\test_file_uploads.py::test_admin_onboard_teachers_rejects_empty_csv
FAILED tests\test_i18n.py::test_load_english_translations - AssertionError: a...
FAILED tests\test_i18n.py::test_load_hindi_translations - AssertionError: ass...
FAILED tests\test_i18n.py::test_load_marathi_translations - AssertionError: a...
FAILED tests\test_i18n.py::test_translate_simple_key - AssertionError: assert...
FAILED tests\test_i18n.py::test_translate_hindi_key - AssertionError: assert ...
FAILED tests\test_i18n.py::test_translate_with_interpolation - AssertionError...
FAILED tests\test_i18n.py::test_translate_hindi_with_interpolation - Assertio...
FAILED tests\test_security_regressions.py::StudentRouteRegressionTests::test_student_upload_returns_failure_when_ingestion_fails
FAILED tests\test_security_regressions.py::StudentRouteRegressionTests::test_tools_generate_parses_structured_output_for_all_modes